// Jest Snapshot v1, https://goo.gl/fbAQLP

exports[`Pokemon Detail should render pokemon names when api responds 1`] = `null`;
